[darwinthemes.com/retouch/html/theme/index.html]
[backblue.gif]
[fade.gif]
[index.html]
[darwinthemes.com/retouch/html/theme/javascript/head.js]
[darwinthemes.com/retouch/html/theme/styles/screen.css]
[darwinthemes.com/retouch/html/theme/styles/print.css]
[darwinthemes.com/retouch/html/theme/favicon.ico]
[connect.facebook.net/en_US/fbevents.js]
[darwinthemes.com/retouch/html/theme/images/logo-a.png]
[darwinthemes.com/retouch/html/theme/portfolio.html]
[darwinthemes.com/retouch/html/theme/blog.html]
[darwinthemes.com/retouch/html/theme/contact.html]
[darwinthemes.com/retouch/html/theme/images/device1.png]
[darwinthemes.com/retouch/html/theme/images/ts.png]
[darwinthemes.com/retouch/html/theme/images/slider1.png]
[darwinthemes.com/retouch/html/theme/images/slider2.png]
[darwinthemes.com/retouch/html/theme/images/device2.png]
[darwinthemes.com/retouch/html/theme/temp/ab.png]
[darwinthemes.com/retouch/html/theme/images/slider3.png]
[darwinthemes.com/retouch/html/theme/images/slider4.png]
[darwinthemes.com/retouch/html/theme/images/slider5.png]
[darwinthemes.com/retouch/html/theme/images/post3.png]
[darwinthemes.com/retouch/html/theme/images/zoom.png]
[darwinthemes.com/retouch/html/theme/images/post2.png]
[darwinthemes.com/retouch/html/theme/images/video.png]
[darwinthemes.com/retouch/html/theme/temp/b.png]
[darwinthemes.com/retouch/html/theme/images/footer-b.png]
[ajax.googleapis.com/ajax/libs/jquery/1.11.2/jquery.min.js]
[darwinthemes.com/retouch/html/theme/javascript/tf.js]
[darwinthemes.com/retouch/html/theme/javascript/mobile.js]
[www.googleadservices.com/pagead/f.txt]
[darwinthemes.com/retouch/html/theme/javascript/scripts.js]
[darwinthemes.com/retouch/html/theme/index.html]
[darwinthemes.com/retouch/html/theme/images/pattern.png]
[darwinthemes.com/retouch/html/theme/images/shade-a.png]
[darwinthemes.com/retouch/html/theme/images/play.png]
[darwinthemes.com/retouch/html/theme/images/download-gp-c.png]
[darwinthemes.com/retouch/html/theme/images/icon-fb-d.png]
[darwinthemes.com/retouch/html/theme/images/icon-tw-d.png]
[darwinthemes.com/retouch/html/theme/images/icon-in-d.png]
[darwinthemes.com/retouch/html/theme/images/comments.png]
[darwinthemes.com/retouch/html/theme/images/download-as-b.png]
[darwinthemes.com/retouch/html/theme/images/download-gp-b.png]
[darwinthemes.com/retouch/html/theme/images/download-as-a.png]
[darwinthemes.com/retouch/html/theme/images/download-gp-a.png]
[darwinthemes.com/retouch/html/theme/images/download-as-d.png]
[darwinthemes.com/retouch/html/theme/images/download-gp-d.png]
[darwinthemes.com/retouch/html/theme/images/icon-tw-a.png]
[darwinthemes.com/retouch/html/theme/images/arrow-left-f.png]
[darwinthemes.com/retouch/html/theme/images/arrow-right-f.png]
[darwinthemes.com/retouch/html/theme/images/arrow-left-e.png]
[darwinthemes.com/retouch/html/theme/images/arrow-right-e.png]
[darwinthemes.com/retouch/html/theme/images/search.png]
[darwinthemes.com/retouch/html/theme/images/arrow-left-b.png]
[darwinthemes.com/retouch/html/theme/images/arrow-right-b.png]
[darwinthemes.com/retouch/html/theme/images/arrow-left-a.png]
[darwinthemes.com/retouch/html/theme/images/arrow-right-a.png]
[darwinthemes.com/retouch/html/theme/images/icon-fb-b.png]
[darwinthemes.com/retouch/html/theme/images/icon-tw-b.png]
[darwinthemes.com/retouch/html/theme/images/icon-in-b.png]
[darwinthemes.com/retouch/html/theme/images/icon-fb-c.png]
[darwinthemes.com/retouch/html/theme/images/icon-tw-c.png]
[darwinthemes.com/retouch/html/theme/images/icon-in-c.png]
[darwinthemes.com/retouch/html/theme/images/arrow-right-d.png]
[darwinthemes.com/retouch/html/theme/images/arrow-left-d.png]
[darwinthemes.com/retouch/html/theme/images/arrow-top-d.png]
[darwinthemes.com/retouch/html/theme/images/mobile.png]
[darwinthemes.com/retouch/html/theme/images/mobile-c.png]
[darwinthemes.com/retouch/html/theme/images/mobile-d.png]
[darwinthemes.com/retouch/html/theme/images/mobile-g.png]
[darwinthemes.com/retouch/html/theme/images/select-a.png]
[darwinthemes.com/retouch/html/theme/images/arrow-right-c.png]
[darwinthemes.com/retouch/html/theme/styles/fonts/linea-weather-10.eot]
[darwinthemes.com/retouch/html/theme/styles/fonts/linea-weather-10.woff]
[darwinthemes.com/retouch/html/theme/styles/fonts/linea-weather-10d41d.eot]
[darwinthemes.com/retouch/html/theme/styles/fonts/linea-weather-10.ttf]
[darwinthemes.com/retouch/html/theme/styles/fonts/linea-software-10.eot]
[darwinthemes.com/retouch/html/theme/styles/fonts/linea-software-10.woff]
[darwinthemes.com/retouch/html/theme/styles/fonts/linea-software-10d41d.eot]
[darwinthemes.com/retouch/html/theme/styles/fonts/linea-software-10.ttf]
[darwinthemes.com/retouch/html/theme/styles/fonts/linea-music-10.eot]
[darwinthemes.com/retouch/html/theme/styles/fonts/linea-music-10.woff]
[darwinthemes.com/retouch/html/theme/styles/fonts/linea-music-10d41d.eot]
[darwinthemes.com/retouch/html/theme/styles/fonts/linea-music-10.ttf]
[darwinthemes.com/retouch/html/theme/styles/fonts/linea-ecommerce-10.eot]
[darwinthemes.com/retouch/html/theme/styles/fonts/linea-ecommerce-10.woff]
[darwinthemes.com/retouch/html/theme/styles/fonts/linea-ecommerce-10d41d.eot]
[darwinthemes.com/retouch/html/theme/styles/fonts/linea-ecommerce-10.ttf]
[darwinthemes.com/retouch/html/theme/styles/fonts/linea-basic-elaboration-10.eot]
[darwinthemes.com/retouch/html/theme/styles/fonts/linea-basic-elaboration-10.woff]
[darwinthemes.com/retouch/html/theme/styles/fonts/linea-basic-elaboration-10d41d.eot]
[darwinthemes.com/retouch/html/theme/styles/fonts/linea-basic-elaboration-10.ttf]
[darwinthemes.com/retouch/html/theme/styles/fonts/linea-basic-10.eot]
[darwinthemes.com/retouch/html/theme/styles/fonts/linea-basic-10.woff]
[darwinthemes.com/retouch/html/theme/styles/fonts/linea-basic-10d41d.eot]
[darwinthemes.com/retouch/html/theme/styles/fonts/linea-basic-10.ttf]
[darwinthemes.com/retouch/html/theme/styles/fonts/linea-arrows-10.eot]
[darwinthemes.com/retouch/html/theme/styles/fonts/linea-arrows-10.woff]
[darwinthemes.com/retouch/html/theme/styles/fonts/linea-arrows-10d41d.eot]
[darwinthemes.com/retouch/html/theme/styles/fonts/linea-arrows-10.ttf]
[darwinthemes.com/retouch/html/theme/images/fancybox/fancybox_sprite.png]
[darwinthemes.com/retouch/html/theme/images/fancybox/fancybox_loading.gif]
[darwinthemes.com/retouch/html/theme/images/fancybox/blank.gif]
[darwinthemes.com/retouch/html/theme/images/fancybox/fancybox_overlay.png]
[darwinthemes.com/retouch/html/theme/images/fancybox/fancybox_buttons.png]
[darwinthemes.com/retouch/html/theme/styles/screen.css]
[darwinthemes.com/retouch/html/theme/styles/print.css]
[connect.facebook.net/en_US/fbevents.js]
[darwinthemes.com/retouch/html/theme/images/portfolio1.png]
[darwinthemes.com/retouch/html/theme/images/portfolio2.png]
[darwinthemes.com/retouch/html/theme/images/portfolio3.png]
[darwinthemes.com/retouch/html/theme/images/portfolio4.png]
[darwinthemes.com/retouch/html/theme/images/portfolio5.png]
[darwinthemes.com/retouch/html/theme/portfolio.html]
[darwinthemes.com/retouch/html/theme/images/blog1.png]
[darwinthemes.com/retouch/html/theme/images/blog2.png]
[darwinthemes.com/retouch/html/theme/images/blog3.png]
[darwinthemes.com/retouch/html/theme/images/footer.png]
[darwinthemes.com/retouch/html/theme/blog.html]
[darwinthemes.com/retouch/html/theme/contact.html]
[darwinthemes.com/retouch/html/theme/images/post1.png]
[darwinthemes.com/retouch/html/theme/images/post4.png]
[darwinthemes.com/retouch/html/theme/images/post5.png]
[darwinthemes.com/retouch/html/theme/temp/b.png]
[darwinthemes.com/retouch/html/theme/images/download-as-c.png]
[darwinthemes.com/retouch/html/theme/styles/fonts/linea-weather-10.svg]
[darwinthemes.com/retouch/html/theme/styles/fonts/linea-software-10.svg]
[darwinthemes.com/retouch/html/theme/styles/fonts/linea-music-10.svg]
[darwinthemes.com/retouch/html/theme/styles/fonts/linea-ecommerce-10.svg]
[darwinthemes.com/retouch/html/theme/styles/fonts/linea-basic-elaboration-10.svg]
[darwinthemes.com/retouch/html/theme/styles/fonts/linea-basic-10.svg]
[darwinthemes.com/retouch/html/theme/styles/fonts/linea-arrows-10.svg]
